Phase 05 - Full Label System
input=C:\Users\Admin\Documents\GAN_SQLi\Guiding\Phase 4\outputs\full\phase04_payload_foundation.parquet
out_dir=C:\Users\Admin\Documents\GAN_SQLi\Guiding\Phase 5\outputs\full
report_dir=C:\Users\Admin\Documents\GAN_SQLi\Guiding\Phase 5\reports
log_dir=C:\Users\Admin\Documents\GAN_SQLi\Guiding\Phase 5\logs
batch_size=100000
payload_col=payload_working
mode=full
rows_total=12,753,953
batch=1 rows=100,000/12,753,953 rate=715/s elapsed=139.9s
batch=2 rows=200,000/12,753,953 rate=798/s elapsed=250.8s
batch=3 rows=300,000/12,753,953 rate=842/s elapsed=356.5s
batch=4 rows=400,000/12,753,953 rate=864/s elapsed=462.8s
batch=5 rows=500,000/12,753,953 rate=879/s elapsed=569.1s
batch=6 rows=600,000/12,753,953 rate=889/s elapsed=674.8s
batch=7 rows=700,000/12,753,953 rate=897/s elapsed=780.4s
batch=8 rows=800,000/12,753,953 rate=898/s elapsed=891.0s
batch=9 rows=900,000/12,753,953 rate=903/s elapsed=997.1s
batch=10 rows=1,000,000/12,753,953 rate=907/s elapsed=1102.6s
batch=11 rows=1,100,000/12,753,953 rate=909/s elapsed=1210.2s
batch=12 rows=1,200,000/12,753,953 rate=907/s elapsed=1322.6s
batch=13 rows=1,300,000/12,753,953 rate=909/s elapsed=1430.7s
batch=14 rows=1,400,000/12,753,953 rate=911/s elapsed=1536.5s
batch=15 rows=1,500,000/12,753,953 rate=911/s elapsed=1646.3s
batch=16 rows=1,600,000/12,753,953 rate=908/s elapsed=1761.5s
batch=17 rows=1,700,000/12,753,953 rate=906/s elapsed=1875.6s
batch=18 rows=1,800,000/12,753,953 rate=905/s elapsed=1988.3s
batch=19 rows=1,900,000/12,753,953 rate=882/s elapsed=2154.7s
batch=20 rows=2,000,000/12,753,953 rate=870/s elapsed=2298.8s
batch=21 rows=2,100,000/12,753,953 rate=871/s elapsed=2411.0s
batch=22 rows=2,200,000/12,753,953 rate=873/s elapsed=2520.9s
batch=23 rows=2,300,000/12,753,953 rate=875/s elapsed=2627.7s
batch=24 rows=2,400,000/12,753,953 rate=877/s elapsed=2735.8s
batch=25 rows=2,500,000/12,753,953 rate=878/s elapsed=2847.5s
batch=26 rows=2,600,000/12,753,953 rate=879/s elapsed=2958.9s
batch=27 rows=2,700,000/12,753,953 rate=880/s elapsed=3067.3s
batch=28 rows=2,800,000/12,753,953 rate=882/s elapsed=3175.3s
batch=29 rows=2,900,000/12,753,953 rate=836/s elapsed=3467.4s
batch=30 rows=3,000,000/12,753,953 rate=795/s elapsed=3774.2s
batch=31 rows=3,100,000/12,753,953 rate=761/s elapsed=4072.0s
batch=32 rows=3,200,000/12,753,953 rate=763/s elapsed=4194.8s
batch=33 rows=3,300,000/12,753,953 rate=766/s elapsed=4310.2s
batch=34 rows=3,400,000/12,753,953 rate=768/s elapsed=4427.0s
batch=35 rows=3,500,000/12,753,953 rate=770/s elapsed=4542.7s
batch=36 rows=3,600,000/12,753,953 rate=773/s elapsed=4657.9s
batch=37 rows=3,700,000/12,753,953 rate=776/s elapsed=4769.0s
batch=38 rows=3,800,000/12,753,953 rate=779/s elapsed=4881.1s
batch=39 rows=3,900,000/12,753,953 rate=780/s elapsed=5001.2s
batch=40 rows=4,000,000/12,753,953 rate=781/s elapsed=5120.2s
batch=41 rows=4,100,000/12,753,953 rate=783/s elapsed=5239.5s
batch=42 rows=4,200,000/12,753,953 rate=784/s elapsed=5357.9s
batch=43 rows=4,300,000/12,753,953 rate=785/s elapsed=5475.8s
batch=44 rows=4,400,000/12,753,953 rate=786/s elapsed=5594.7s
batch=45 rows=4,500,000/12,753,953 rate=788/s elapsed=5708.2s
batch=46 rows=4,600,000/12,753,953 rate=790/s elapsed=5821.8s
batch=47 rows=4,700,000/12,753,953 rate=792/s elapsed=5934.4s
batch=48 rows=4,800,000/12,753,953 rate=794/s elapsed=6048.0s
batch=49 rows=4,900,000/12,753,953 rate=795/s elapsed=6159.8s
batch=50 rows=5,000,000/12,753,953 rate=797/s elapsed=6273.1s
batch=51 rows=5,100,000/12,753,953 rate=799/s elapsed=6384.2s
batch=52 rows=5,200,000/12,753,953 rate=801/s elapsed=6495.0s
batch=53 rows=5,300,000/12,753,953 rate=802/s elapsed=6608.4s
batch=54 rows=5,400,000/12,753,953 rate=804/s elapsed=6720.6s
batch=55 rows=5,500,000/12,753,953 rate=805/s elapsed=6832.1s
batch=56 rows=5,600,000/12,753,953 rate=806/s elapsed=6947.7s
batch=57 rows=5,700,000/12,753,953 rate=808/s elapsed=7057.6s
batch=58 rows=5,800,000/12,753,953 rate=809/s elapsed=7171.4s
batch=59 rows=5,900,000/12,753,953 rate=810/s elapsed=7283.5s
batch=60 rows=6,000,000/12,753,953 rate=811/s elapsed=7396.5s
batch=61 rows=6,100,000/12,753,953 rate=812/s elapsed=7510.6s
batch=62 rows=6,200,000/12,753,953 rate=813/s elapsed=7622.9s
batch=63 rows=6,300,000/12,753,953 rate=815/s elapsed=7731.8s
batch=64 rows=6,400,000/12,753,953 rate=816/s elapsed=7843.8s
batch=65 rows=6,500,000/12,753,953 rate=817/s elapsed=7954.0s
batch=66 rows=6,600,000/12,753,953 rate=818/s elapsed=8067.1s
batch=67 rows=6,700,000/12,753,953 rate=811/s elapsed=8259.4s
batch=68 rows=6,800,000/12,753,953 rate=805/s elapsed=8450.3s
batch=69 rows=6,900,000/12,753,953 rate=787/s elapsed=8762.2s
batch=70 rows=7,000,000/12,753,953 rate=780/s elapsed=8979.5s
batch=71 rows=7,100,000/12,753,953 rate=781/s elapsed=9091.3s
batch=72 rows=7,200,000/12,753,953 rate=782/s elapsed=9207.7s
batch=73 rows=7,300,000/12,753,953 rate=783/s elapsed=9321.0s
batch=74 rows=7,400,000/12,753,953 rate=785/s elapsed=9429.8s
batch=75 rows=7,500,000/12,753,953 rate=786/s elapsed=9538.4s
batch=76 rows=7,600,000/12,753,953 rate=788/s elapsed=9647.4s
batch=77 rows=7,700,000/12,753,953 rate=789/s elapsed=9763.8s
batch=78 rows=7,800,000/12,753,953 rate=789/s elapsed=9882.2s
batch=79 rows=7,900,000/12,753,953 rate=790/s elapsed=9999.9s
batch=80 rows=8,000,000/12,753,953 rate=791/s elapsed=10118.1s
batch=81 rows=8,100,000/12,753,953 rate=792/s elapsed=10230.5s
batch=82 rows=8,200,000/12,753,953 rate=793/s elapsed=10344.7s
batch=83 rows=8,300,000/12,753,953 rate=792/s elapsed=10476.7s
batch=84 rows=8,400,000/12,753,953 rate=793/s elapsed=10590.7s
batch=85 rows=8,500,000/12,753,953 rate=785/s elapsed=10824.6s
batch=86 rows=8,600,000/12,753,953 rate=781/s elapsed=11010.6s
batch=87 rows=8,700,000/12,753,953 rate=782/s elapsed=11127.5s
batch=88 rows=8,800,000/12,753,953 rate=779/s elapsed=11293.1s
batch=89 rows=8,900,000/12,753,953 rate=773/s elapsed=11506.4s
batch=90 rows=9,000,000/12,753,953 rate=767/s elapsed=11740.1s
batch=91 rows=9,100,000/12,753,953 rate=767/s elapsed=11858.1s
batch=92 rows=9,200,000/12,753,953 rate=767/s elapsed=11995.2s
batch=93 rows=9,300,000/12,753,953 rate=767/s elapsed=12127.1s
batch=94 rows=9,400,000/12,753,953 rate=765/s elapsed=12284.0s
batch=95 rows=9,500,000/12,753,953 rate=765/s elapsed=12421.7s
batch=96 rows=9,600,000/12,753,953 rate=765/s elapsed=12546.1s
batch=97 rows=9,700,000/12,753,953 rate=765/s elapsed=12671.5s
batch=98 rows=9,800,000/12,753,953 rate=761/s elapsed=12885.2s
batch=99 rows=9,900,000/12,753,953 rate=761/s elapsed=13008.2s
batch=100 rows=10,000,000/12,753,953 rate=762/s elapsed=13124.7s
batch=101 rows=10,100,000/12,753,953 rate=754/s elapsed=13391.7s
batch=102 rows=10,200,000/12,753,953 rate=743/s elapsed=13732.6s
batch=103 rows=10,300,000/12,753,953 rate=727/s elapsed=14158.9s
batch=104 rows=10,400,000/12,753,953 rate=717/s elapsed=14501.1s
batch=105 rows=10,500,000/12,753,953 rate=700/s elapsed=15002.6s
batch=106 rows=10,600,000/12,753,953 rate=696/s elapsed=15235.2s
batch=107 rows=10,700,000/12,753,953 rate=692/s elapsed=15468.8s
batch=108 rows=10,800,000/12,753,953 rate=688/s elapsed=15706.9s
batch=109 rows=10,900,000/12,753,953 rate=683/s elapsed=15948.7s
batch=110 rows=11,000,000/12,753,953 rate=680/s elapsed=16182.6s
batch=111 rows=11,100,000/12,753,953 rate=676/s elapsed=16415.2s
batch=112 rows=11,200,000/12,753,953 rate=673/s elapsed=16645.4s
batch=113 rows=11,300,000/12,753,953 rate=670/s elapsed=16876.6s
batch=114 rows=11,400,000/12,753,953 rate=666/s elapsed=17111.4s
batch=115 rows=11,500,000/12,753,953 rate=663/s elapsed=17345.4s
batch=116 rows=11,600,000/12,753,953 rate=660/s elapsed=17577.4s
batch=117 rows=11,700,000/12,753,953 rate=657/s elapsed=17809.2s
batch=118 rows=11,800,000/12,753,953 rate=654/s elapsed=18041.6s
batch=119 rows=11,900,000/12,753,953 rate=651/s elapsed=18274.2s
batch=120 rows=12,000,000/12,753,953 rate=648/s elapsed=18508.0s
batch=121 rows=12,100,000/12,753,953 rate=646/s elapsed=18739.3s
batch=122 rows=12,200,000/12,753,953 rate=643/s elapsed=18972.0s
batch=123 rows=12,300,000/12,753,953 rate=640/s elapsed=19213.1s
batch=124 rows=12,400,000/12,753,953 rate=637/s elapsed=19459.6s
batch=125 rows=12,500,000/12,753,953 rate=636/s elapsed=19663.6s
batch=126 rows=12,600,000/12,753,953 rate=630/s elapsed=20010.2s
batch=127 rows=12,700,000/12,753,953 rate=630/s elapsed=20154.6s
batch=128 rows=12,753,953/12,753,953 rate=631/s elapsed=20203.5s
Done
rows=12,753,953
gold=1,652,331
silver=268,303
bronze=10,833,319
review_queue=11,064,143
summary=C:\Users\Admin\Documents\GAN_SQLi\Guiding\Phase 5\Tổng kết Phase 5.md
