Phase 04 - Full Data Foundation
input=C:\Users\Admin\Documents\GAN_SQLi\Guiding\Phase 1\phase01_data_reality.parquet
out_dir=C:\Users\Admin\Documents\GAN_SQLi\data\phase04
report_dir=C:\Users\Admin\Documents\GAN_SQLi\reports
batch_size=100000
mode=full
rows_total=12,753,953

[1/6] Collecting stats
pass1 batch=1 rows=100,000 unique_hashes=100,000 templates=24,987 elapsed=35.8s
pass1 batch=10 rows=1,000,000 unique_hashes=1,000,000 templates=52,508 elapsed=253.6s
pass1 batch=20 rows=2,000,000 unique_hashes=2,000,000 templates=55,439 elapsed=497.3s
pass1 batch=30 rows=3,000,000 unique_hashes=3,000,000 templates=55,944 elapsed=741.5s
pass1 batch=40 rows=4,000,000 unique_hashes=4,000,000 templates=56,052 elapsed=986.2s
pass1 batch=50 rows=5,000,000 unique_hashes=5,000,000 templates=56,079 elapsed=1229.5s
pass1 batch=60 rows=6,000,000 unique_hashes=6,000,000 templates=56,084 elapsed=1474.1s
pass1 batch=70 rows=7,000,000 unique_hashes=7,000,000 templates=56,087 elapsed=1715.9s
pass1 batch=80 rows=8,000,000 unique_hashes=8,000,000 templates=56,087 elapsed=1960.0s
pass1 batch=90 rows=9,000,000 unique_hashes=9,000,000 templates=56,087 elapsed=2202.8s
pass1 batch=100 rows=10,000,000 unique_hashes=10,000,000 templates=56,087 elapsed=2447.8s
pass1 batch=110 rows=11,000,000 unique_hashes=11,000,000 templates=123,140 elapsed=3014.0s
pass1 batch=120 rows=12,000,000 unique_hashes=11,999,998 templates=152,904 elapsed=3515.4s

[2/6] Writing foundation
pass2 batch=1 rows=100,000 elapsed=33.5s
pass2 batch=10 rows=1,000,000 elapsed=235.0s
pass2 batch=20 rows=2,000,000 elapsed=459.4s
pass2 batch=30 rows=3,000,000 elapsed=684.0s
pass2 batch=40 rows=4,000,000 elapsed=908.2s
pass2 batch=50 rows=5,000,000 elapsed=1140.6s
pass2 batch=60 rows=6,000,000 elapsed=1374.7s
pass2 batch=70 rows=7,000,000 elapsed=1612.7s
pass2 batch=80 rows=8,000,000 elapsed=1848.8s
pass2 batch=90 rows=9,000,000 elapsed=2084.5s
pass2 batch=100 rows=10,000,000 elapsed=2319.7s
pass2 batch=110 rows=11,000,000 elapsed=2869.3s
pass2 batch=120 rows=12,000,000 elapsed=3356.5s

[3/6] Writing literal pools and split summary

[4/6] Writing exact dedup map
[5/6] Writing near-dup clusters and relex map

[6/6] Writing report

Done
rows=12,753,953
exact_unique=12,753,951
near_dup_clusters=4,131,974
templates=268,272
report=C:\Users\Admin\Documents\GAN_SQLi\reports\04_data_foundation_report.md
